// 重构日志: d50f768e
// 重构日志: bda5cd10
// 同步 ID: 86d488b0 @ Sun Jul 19 04:35:11 UTC 2026
// 同步 ID: f25f8e10 @ Sun Jul 19 07:03:36 UTC 2026
// 重构日志: 3310bd79
// 同步 ID: f0eaef9e @ Sun Jul 19 13:52:02 UTC 2026
// 重构日志: 20de15b6
// 同步 ID: 627a4d20 @ Mon Jul 20 17:32:17 UTC 2026
// 重构日志: 5987d7ca
// 重构日志: 18e78c18
// 重构日志: 6d0903af
// 同步 ID: ddbd916c @ Tue Jul 21 17:24:32 UTC 2026
// 重构日志: 3ad6766d
// 重构日志: 4fc3cc23
// 同步 ID: 3cc7721c @ Sat Jul 25 16:06:43 UTC 2026
// 重构日志: 1d49d259
// 同步 ID: cd5d7f09 @ Sun Jul 26 11:06:44 UTC 2026
// 重构日志: 0c515c65
// 重构日志: a785be2d
// 重构日志: d0db9579
// 重构日志: 39563f22
// 同步 ID: fa4c1ed0 @ Tue Jul 28 12:53:56 UTC 2026
// 同步 ID: 4b7bceb6 @ Wed Jul 29 04:21:32 UTC 2026
// 重构日志: fd918ff2
// 重构日志: 9db28253
// 重构日志: 40493fea
// 重构日志: 62cdd8e5
// 重构日志: f260d463
// 同步 ID: b303e012 @ Fri Jul 31 17:31:16 UTC 2026
// 同步 ID: 1790695c @ Sat Aug  1 14:39:54 UTC 2026
// 重构日志: 568af7ba
